#-----------------------------------------------------------
# Vivado v2019.1 (64-bit)
# SW Build 2552052 on Fri May 24 14:49:42 MDT 2019
# IP Build 2548770 on Fri May 24 18:01:18 MDT 2019
# Start of session at: Sat May 21 20:32:58 2022
# Process ID: 17932
# Current directory: C:/Users/Baptiste/Documents/ENSEA/3D/S10_007_Soc/002_TD/vivado_projet_zynq/projet8TD.old1
# Command line: vivado.exe -gui_launcher_event rodinguilauncherevent8928 C:\Users\Baptiste\Documents\ENSEA\3D\S10_007_Soc\002_TD\vivado_projet_zynq\projet8TD.old1\projet8TD.xpr
# Log file: C:/Users/Baptiste/Documents/ENSEA/3D/S10_007_Soc/002_TD/vivado_projet_zynq/projet8TD.old1/vivado.log
# Journal file: C:/Users/Baptiste/Documents/ENSEA/3D/S10_007_Soc/002_TD/vivado_projet_zynq/projet8TD.old1\vivado.jou
#-----------------------------------------------------------
start_gui
open_project C:/Users/Baptiste/Documents/ENSEA/3D/S10_007_Soc/002_TD/vivado_projet_zynq/projet8TD.old1/projet8TD.xpr
update_compile_order -fileset sources_1
update_module_reference zynq_1_accu_0_0
reset_run synth_1
launch_runs impl_1 -to_step write_bitstream -jobs 4
wait_on_run impl_1
open_run impl_1
file copy -force C:/Users/Baptiste/Documents/ENSEA/3D/S10_007_Soc/002_TD/vivado_projet_zynq/projet8TD.old1/projet8TD.runs/impl_1/zynq_1_wrapper.sysdef C:/Users/Baptiste/Documents/ENSEA/3D/S10_007_Soc/002_TD/vivado_projet_zynq/projet8TD.old1/projet8TD.sdk/zynq_1_wrapper.hdf

launch_sdk -workspace C:/Users/Baptiste/Documents/ENSEA/3D/S10_007_Soc/002_TD/vivado_projet_zynq/projet8TD.old1/projet8TD.sdk -hwspec C:/Users/Baptiste/Documents/ENSEA/3D/S10_007_Soc/002_TD/vivado_projet_zynq/projet8TD.old1/projet8TD.sdk/zynq_1_wrapper.hdf
